// Jest Snapshot v1, https://goo.gl/fbAQLP

exports[`tests HeroPage should match with the snapshot 1`] = `
<div>
  <div
    class="row mt-5 mb-5"
  >
    <div
      class="col-4 animate__animated animate__fadeInLeft animate__faster"
    >
      <img
        alt="Green Arrow"
        class="img-thumbnail"
        src="/assets/heroes/dc-arrow.jpg"
      />
    </div>
    <div
      class="col-8"
    >
      <h3>
        Green Arrow
      </h3>
      <ul
        class="list-group list-group-flush"
      >
        <li
          class="list-group-item"
        >
          <b>
            Alter ego: 
          </b>
           
          Oliver Queen
           
        </li>
        <li
          class="list-group-item"
        >
          <b>
            Publisher: 
          </b>
           
          DC Comics
           
        </li>
        <li
          class="list-group-item"
        >
          <b>
            First appearance: 
          </b>
           
          More Fun Comics #73
           
        </li>
      </ul>
      <h5
        class="mt-3"
      >
        Characters
      </h5>
      <p>
        Oliver Queen
      </p>
      <button
        class="btn btn-outline-primary"
      >
        Back
      </button>
    </div>
  </div>
</div>
`;
